node.exe : C:\PROYECTOS\factos-ng\node_modules\@supa
base\supabase-js\src\SupabaseClient.ts:80
En línea: 1 Carácter: 1
+ & "C:\Program Files\nodejs/node.exe" "C:\Program 
Files\nodejs/node_mo ...
+ ~~~~~~~~~~~~~~~~~~~~~~~~~~~~~~~~~~~~~~~~~~~~~~~~~~
~~~~~~~~~~~~~~~~~~~
    + CategoryInfo          : NotSpecified: (C:\PRO 
   YECTOS\fa...aseClient.ts:80:String) [], RemoteE  
  xception
    + FullyQualifiedErrorId : NativeCommandError
 
    if (!supabaseUrl) throw new Error('supabaseUrl 
is required.')
                            ^


Error: supabaseUrl is required.
    at new SupabaseClient (C:\PROYECTOS\factos-ng\no
de_modules\@supabase\supabase-js\src\SupabaseClient.
ts:80:29)
    at createClient (C:\PROYECTOS\factos-ng\node_mod
ules\@supabase\supabase-js\src\index.ts:40:10)
    at run 
(C:\PROYECTOS\factos-ng\test-afip.ts:6:20)
    at <anonymous> 
(C:\PROYECTOS\factos-ng\test-afip.ts:39:1)
    at Object.<anonymous> 
(C:\PROYECTOS\factos-ng\test-afip.ts:39:5)
    at Module._compile 
(node:internal/modules/cjs/loader:1692:14)
    at Object.transformer (C:\Users\leoco\AppData\Lo
cal\npm-cache\_npx\fd45a72a545557e9\node_modules\tsx
\dist\register-D46fvsV_.cjs:3:1104)
    at Module.load 
(node:internal/modules/cjs/loader:1427:32)
    at Module._load 
(node:internal/modules/cjs/loader:1250:12)
    at TracingChannel.traceSync 
(node:diagnostics_channel:322:14)

Node.js v24.4.1
